// Jest Snapshot v1, https://goo.gl/fbAQLP

exports[`Should render PokemonTypeList correctly 1`] = `
<View
  style={
    [
      {
        "alignSelf": "flex-start",
      },
      undefined,
    ]
  }
>
  <View
    style={
      [
        {
          "alignItems": "center",
          "borderRadius": 100,
          "flexDirection": "column",
          "height": 32,
          "justifyContent": "center",
          "marginBottom": 4,
          "marginRight": 12,
          "paddingHorizontal": 5,
        },
        {
          "backgroundColor": "#7AC74C",
        },
      ]
    }
  >
    <Text
      style={
        {
          "color": "white",
          "fontSize": 12,
          "fontWeight": "700",
          "padding": 5,
          "textTransform": "capitalize",
        }
      }
    >
      grass
    </Text>
  </View>
  <View
    style={
      [
        {
          "alignItems": "center",
          "borderRadius": 100,
          "flexDirection": "column",
          "height": 32,
          "justifyContent": "center",
          "marginBottom": 4,
          "marginRight": 12,
          "paddingHorizontal": 5,
        },
        {
          "backgroundColor": "#A33EA1",
        },
      ]
    }
  >
    <Text
      style={
        {
          "color": "white",
          "fontSize": 12,
          "fontWeight": "700",
          "padding": 5,
          "textTransform": "capitalize",
        }
      }
    >
      poison
    </Text>
  </View>
</View>
`;
